================ 运行时间: 2026-10-02 01:28:29（定时任务） ================
[2026-10-02 01:28:29] ====== 喵喵旅行每日任务开始 ======
[2026-10-02 01:28:30] ✅ 签到：成功，+100 积分
[2026-10-02 01:28:31] 💤 喵喵当前空闲，可派出行
[2026-10-02 01:28:31] 🎁 礼物：当前没有可领取的旅行积分（可能已领过）
[2026-10-02 01:28:34] 🚀 出行：派出成功，目的地：咖啡馆，旅行时长 1 小时（已确认进入旅行中）
[2026-10-02 01:28:34] ====== 喵喵旅行每日任务结束 ======

================ 运行时间: 2026-09-30 20:20:53（代码更新） ================
[2026-09-30 20:20:53] ====== 喵喵旅行每日任务开始 ======
[2026-09-30 20:20:54] ✅ 签到：今日已签到过
[2026-09-30 20:20:55] ✅ 今日已派出过（达到每日上限）
[2026-09-30 20:20:56] 🎁 礼物：当前没有可领取的旅行积分（可能已领过）
[2026-09-30 20:20:56] ℹ️ 今日已派过，跳过派出行
[2026-09-30 20:20:56] ====== 喵喵旅行每日任务结束 ======

================ 运行时间: 2026-09-30 20:16:22（代码更新） ================
[2026-09-30 20:16:22] ====== 喵喵旅行每日任务开始 ======
[2026-09-30 20:16:23] ✅ 签到：今日已签到过
[2026-09-30 20:16:24] ✅ 今日已派出过（达到每日上限）
[2026-09-30 20:16:24] 🎁 礼物：当前没有可领取的旅行积分（可能已领过）
[2026-09-30 20:16:24] ℹ️ 今日已派过，跳过派出行
[2026-09-30 20:16:24] ====== 喵喵旅行每日任务结束 ======

================ 运行时间: 2026-09-30 20:14:44（代码更新） ================
[2026-09-30 20:14:44] ====== 喵喵旅行每日任务开始 ======
[2026-09-30 20:14:45] ✅ 签到：今日已签到过
[2026-09-30 20:14:46] ✅ 今日已派出过（达到每日上限）
[2026-09-30 20:14:46] 🎁 礼物：当前没有可领取的旅行积分（可能已领过）
[2026-09-30 20:14:46] ℹ️ 今日已派过，跳过派出行
[2026-09-30 20:14:46] ====== 喵喵旅行每日任务结束 ======

================ 运行时间: 2026-09-30 20:07:40（代码更新） ================
[2026-09-30 20:07:40] ====== 喵喵旅行每日任务开始 ======
[2026-09-30 20:07:41] ✅ 签到：今日已签到过
[2026-09-30 20:07:41] ✅ 今日已派出过（达到每日上限）
[2026-09-30 20:07:42] 🎁 礼物：当前没有可领取的旅行积分（可能已领过）
[2026-09-30 20:07:42] ℹ️ 今日已派过，跳过派出行
[2026-09-30 20:07:42] ====== 喵喵旅行每日任务结束 ======
